2026-10-08T16:10:44.448Z start balance-core
2026-10-08T16:10:44.454Z start balance-full-iron
2026-10-08T16:10:44.457Z start balance-full-program
2026-10-08T16:10:44.468Z start balance-full-wetware
2026-10-08T16:23:00.257Z done balance-core [core] 736s
2026-10-08T16:23:00.258Z start lineage-attentive
2026-10-08T17:18:24.437Z all 0 jobs finished
2026-10-08T17:18:24.516Z start balance-full-iron
2026-10-08T17:18:24.528Z start balance-full-program
2026-10-08T17:18:24.538Z start balance-full-wetware
2026-10-08T17:18:24.544Z start lineage-attentive
2026-10-08T17:21:17.787Z done lineage-attentive [rules] 173s
2026-10-08T17:21:17.788Z start lineage-daredevil
2026-10-08T17:26:21.541Z start balance-full-iron
2026-10-08T17:26:21.588Z start balance-full-program
2026-10-08T17:26:21.603Z start balance-full-wetware
2026-10-08T17:26:21.611Z start lineage-daredevil
2026-10-08T17:30:25.262Z done lineage-daredevil [rules] 244s
2026-10-08T17:30:25.265Z start lineage-casual
2026-10-08T17:37:02.569Z done lineage-casual [rules] 397s
2026-10-08T17:37:02.570Z start bug-sweep
2026-10-08T17:41:35.150Z done balance-full-program [full-program] 914s
2026-10-08T17:41:35.152Z start clinic-sweep
2026-10-08T17:41:39.820Z done balance-full-wetware [full-wetware] 918s
2026-10-08T17:41:39.821Z start push-sweep
2026-10-08T17:41:57.587Z done balance-full-iron [full-iron] 936s
2026-10-08T17:41:57.588Z start gap-sweep
2026-10-08T17:42:23.276Z done bug-sweep [rules] 321s
2026-10-08T17:42:23.277Z start human-sweep
2026-10-08T17:43:40.752Z done gap-sweep [rules] 103s
2026-10-08T17:43:40.754Z start hunter-sweep
2026-10-08T17:45:00.686Z done hunter-sweep [rules] 80s
2026-10-08T17:45:00.689Z start temper-sweep
2026-10-08T17:46:42.076Z done push-sweep [rules] 302s
2026-10-08T17:46:42.080Z start item-sweep
2026-10-08T17:47:22.851Z done human-sweep [rules] 300s
2026-10-08T17:47:22.854Z start exchange-stock
2026-10-08T17:49:00.524Z done item-sweep [rules] 138s
2026-10-08T17:49:00.528Z start clinic-final
2026-10-08T17:49:52.904Z done temper-sweep [rules] 292s
2026-10-08T17:49:52.905Z start grace-sweep
2026-10-08T17:50:01.799Z done clinic-sweep [rules] 507s
2026-10-08T17:50:01.803Z start heat-hint-sweep
2026-10-08T17:52:52.780Z done heat-hint-sweep [rules] 171s
2026-10-08T17:52:52.781Z start hint-sweep
2026-10-08T17:53:04.461Z done exchange-stock [rules] 342s
2026-10-08T17:53:04.462Z start role-sweep
2026-10-08T17:55:34.243Z done role-sweep [rules] 150s
2026-10-08T17:55:34.244Z start sides-sweep
2026-10-08T17:55:45.428Z done hint-sweep [rules] 173s
2026-10-08T17:55:45.432Z start iron-sweep
2026-10-08T18:04:15.441Z done grace-sweep [rules] 863s
2026-10-08T18:04:15.442Z start iron-cold-sweep
2026-10-08T18:06:27.284Z done sides-sweep [rules] 653s
2026-10-08T18:06:27.285Z start stat-profile
2026-10-08T18:08:57.407Z done stat-profile [rules] 150s
2026-10-08T18:08:57.408Z start runcost-iron
2026-10-08T18:14:45.980Z done runcost-iron [full-iron] 349s
2026-10-08T18:14:45.983Z start runcost-program
2026-10-08T18:17:36.437Z done iron-sweep [rules] 1311s
2026-10-08T18:17:36.440Z start runcost-wetware
2026-10-08T18:18:24.119Z done clinic-final [rules] 1764s
2026-10-08T18:18:24.122Z start act-sweep-charge
2026-10-08T18:20:29.015Z done runcost-program [full-program] 343s
2026-10-08T18:20:29.018Z start band-sweep-charge
2026-10-08T18:23:15.250Z done runcost-wetware [full-wetware] 339s
2026-10-08T18:23:15.254Z start act-sweep-sync
2026-10-08T18:26:30.156Z done iron-cold-sweep [rules] 1335s
2026-10-08T18:26:30.167Z start band-sweep-sync
2026-10-08T18:34:50.846Z done act-sweep-charge [rules] 987s
2026-10-08T18:34:50.847Z start netrun-sweep
2026-10-08T18:36:04.516Z done netrun-sweep [rules] 74s
2026-10-08T18:36:04.519Z start challenge-sweep
2026-10-08T18:37:02.672Z done band-sweep-charge [rules] 994s
2026-10-08T18:37:02.673Z start foresight-sweep
2026-10-08T18:37:29.878Z done challenge-sweep [rules] 85s
2026-10-08T18:37:29.880Z start egg-anomaly-iron
2026-10-08T18:37:41.578Z done egg-anomaly-iron [full-iron] 12s
2026-10-08T18:37:41.579Z start egg-anomaly-program
2026-10-08T18:37:53.135Z done egg-anomaly-program [full-program] 12s
2026-10-08T18:37:53.140Z start egg-anomaly-wetware
2026-10-08T18:38:04.722Z done egg-anomaly-wetware [full-wetware] 12s
2026-10-08T18:39:53.549Z done act-sweep-sync [rules] 998s
2026-10-08T18:40:14.079Z done foresight-sweep [rules] 191s
2026-10-08T18:43:20.050Z done band-sweep-sync [rules] 1010s
2026-10-08T18:43:20.051Z all 36 jobs finished
2026-10-08T20:37:25.871Z start balance-full-iron
2026-10-08T20:39:45.623Z start balance-full-iron
2026-10-08T20:39:45.638Z start balance-brake-iron
2026-10-08T20:39:45.657Z start balance-brake-program
2026-10-08T20:39:45.681Z start balance-brake-wetware
2026-10-08T20:41:00Z NOTE: the five 'start' lines at 20:39:45 (balance-full-iron, balance-brake-iron/program/wetware) were an accidental import of run-all.mjs while checking syntax; the processes were killed within a minute and wrote no output. The real balance-full-iron rerun started at 20:37:25 (Iron configuration fixed to include the final Charge and Sync numbers; earlier outputs are in superseded/).
2026-10-08T20:53:17.395Z done balance-full-iron [full-iron] 952s
2026-10-08T20:53:17.396Z all 1 jobs finished
2026-10-08T20:53:17.454Z start runcost-iron
2026-10-08T20:58:52.685Z start balance-brake-iron
2026-10-08T20:58:52.695Z start balance-brake-program
2026-10-08T20:58:52.699Z start balance-brake-wetware
2026-10-08T20:59:00.565Z done runcost-iron [full-iron] 343s
2026-10-08T20:59:00.566Z all 1 jobs finished
2026-10-08T20:59:00.625Z start egg-anomaly-iron
2026-10-08T20:59:11.490Z done egg-anomaly-iron [full-iron] 11s
2026-10-08T20:59:11.491Z all 1 jobs finished
2026-10-08T22:18:36.407Z start balance-brake-iron
2026-10-08T22:18:36.425Z start balance-brake-program
2026-10-08T22:18:36.431Z start balance-brake-wetware
2026-10-08T22:34:03.050Z done balance-brake-program [brake-program] 927s
2026-10-08T22:34:13.482Z done balance-brake-wetware [brake-wetware] 937s
2026-10-08T22:34:58.137Z done balance-brake-iron [brake-iron] 982s
2026-10-08T22:34:58.138Z all 3 jobs finished
2026-10-08T22:50:29.249Z start balance-brake-iron
2026-10-08T22:50:29.258Z start balance-brake-program
2026-10-08T22:50:29.261Z start balance-brake-wetware
2026-10-08T23:07:42.623Z done balance-brake-program [brake-program] 1033s
2026-10-08T23:07:56.839Z done balance-brake-wetware [brake-wetware] 1048s
2026-10-08T23:08:35.289Z done balance-brake-iron [brake-iron] 1086s
2026-10-08T23:08:35.290Z all 3 jobs finished
2026-10-08T23:16:07.208Z start balance-brake-lock8-program
2026-10-08T23:16:07.237Z start balance-brake-lock12-program
2026-10-08T23:35:50.270Z done balance-brake-lock12-program [brake-program-lock12] 1183s
2026-10-08T23:35:56.914Z done balance-brake-lock8-program [brake-program-lock8] 1190s
2026-10-08T23:35:56.915Z all 2 jobs finished
2026-10-09T00:11:47.022Z start balance-brake-iron
2026-10-09T00:11:47.031Z start balance-brake-program
2026-10-09T00:11:47.038Z start balance-brake-wetware
2026-10-09T00:27:56.320Z done balance-brake-wetware [brake-wetware] 969s
2026-10-09T00:27:56.843Z done balance-brake-program [brake-program] 970s
2026-10-09T00:28:36.624Z done balance-brake-iron [brake-iron] 1010s
2026-10-09T00:28:36.625Z all 3 jobs finished
2026-10-09T01:30:15.161Z start netrun-sweep
2026-10-09T01:31:18.452Z done netrun-sweep [rules] 63s
2026-10-09T01:31:18.453Z all 1 jobs finished
2026-10-09T01:31:18.498Z start challenge-sweep
2026-10-09T01:32:44.021Z done challenge-sweep [rules] 86s
2026-10-09T01:32:44.022Z all 1 jobs finished
2026-10-09T01:32:44.070Z start foresight-sweep
2026-10-09T01:35:59.589Z done foresight-sweep [rules] 196s
2026-10-09T01:35:59.590Z all 1 jobs finished
2026-10-09T01:35:59.636Z start egg-anomaly-iron
2026-10-09T01:35:59.642Z start egg-anomaly-program
2026-10-09T01:35:59.646Z start egg-anomaly-wetware
2026-10-09T01:36:10.159Z done egg-anomaly-iron [full-iron] 11s
2026-10-09T01:36:10.247Z done egg-anomaly-program [full-program] 11s
2026-10-09T01:36:10.579Z done egg-anomaly-wetware [full-wetware] 11s
2026-10-09T01:36:10.580Z all 3 jobs finished
2026-10-09T01:36:10.623Z start lineage-attentive
2026-10-09T01:36:10.629Z start lineage-daredevil
2026-10-09T01:36:10.632Z start lineage-casual
2026-10-09T01:38:51.763Z done lineage-attentive [rules] 161s
2026-10-09T01:39:48.742Z done lineage-daredevil [rules] 218s
2026-10-09T01:42:19.088Z done lineage-casual [rules] 368s
2026-10-09T01:42:19.089Z all 3 jobs finished
2026-10-09T02:46:45.273Z all 0 jobs finished
2026-10-09T02:46:56.991Z start balance-stageA-iron
2026-10-09T02:46:56.997Z start balance-stageB-iron
2026-10-09T02:46:57.001Z start balance-stageA-program
2026-10-09T02:46:57.004Z start balance-stageB-program
2026-10-09T03:03:24.725Z done balance-stageA-program [stageA-program] 988s
2026-10-09T03:03:24.726Z start balance-stageA-wetware
2026-10-09T03:03:27.498Z done balance-stageB-program [stageB-program] 990s
2026-10-09T03:03:27.499Z start balance-stageB-wetware
2026-10-09T03:04:20.268Z done balance-stageA-iron [stageA-iron] 1043s
2026-10-09T03:04:41.156Z done balance-stageB-iron [stageB-iron] 1064s
2026-10-09T03:19:19.545Z done balance-stageA-wetware [stageA-wetware] 955s
2026-10-09T03:19:21.776Z done balance-stageB-wetware [stageB-wetware] 954s
2026-10-09T03:19:21.777Z all 6 jobs finished
2026-10-09T12:23:33.709Z start balance-gain1.5-program
2026-10-09T12:23:33.724Z start balance-gain2-program
2026-10-09T12:23:33.728Z start balance-gain3-program
2026-10-09T12:23:33.731Z start balance-gain4-program
2026-10-09T12:28:33.002Z done balance-gain4-program [gain4-program] 299s
2026-10-09T12:28:34.240Z done balance-gain1.5-program [gain1.5-program] 301s
2026-10-09T12:28:35.177Z done balance-gain3-program [gain3-program] 301s
2026-10-09T12:28:36.018Z done balance-gain2-program [gain2-program] 302s
2026-10-09T12:28:36.019Z all 4 jobs finished
